INFO  Using log config file: jar:file:/C:/Users/Administrator/Documents/Default%20Project/peerlink-efootball-disconnects/efootball-apk/ghidra_12.1.4_PUBLIC/Ghidra/Framework/Generic/lib/Generic.jar!/generic.log4j.xml (LoggingInitialization)  
INFO  Using log file: C:\Users\Administrator\AppData\Roaming\ghidra\ghidra_12.1.4_PUBLIC\application.log (LoggingInitialization)  
INFO  Loading user preferences: C:\Users\Administrator\AppData\Roaming\ghidra\ghidra_12.1.4_PUBLIC\preferences (Preferences)  
INFO  Searching for classes... (ClassSearcher)  
INFO  Class search complete (1248 ms) (ClassSearcher)  
INFO  Initializing SSL Context (DefaultSSLContextInitializer)  
INFO  Initializing Random Number Generator... (SecureRandomFactory)  
INFO  Random Number Generator initialization complete: SHA1PRNG (SecureRandomFactory)  
INFO  Trust manager disabled, cacerts have not been set (DefaultTrustManagerFactory)  
INFO  Headless startup complete (6507 ms) (AnalyzeHeadless)  
INFO  Class searcher loaded 59 extension points (20 false positives) (ClassSearcher)  
INFO  HEADLESS Script Paths:
    C:\Users\Administrator\Documents\Default Project\peerlink-efootball-disconnects\efootball-apk\ghidra_12.1.4_PUBLIC\Ghidra\Processors\PIC\ghidra_scripts
    C:\Users\Administrator\Documents\Default Project\peerlink-efootball-disconnects\efootball-apk\ghidra_12.1.4_PUBLIC\Ghidra\Features\PyGhidra\ghidra_scripts
    C:\Users\Administrator\Documents\Default Project\peerlink-efootball-disconnects\efootball-apk\ghidra_12.1.4_PUBLIC\Ghidra\Processors\JVM\ghidra_scripts
    C:\Users\Administrator\Documents\Default Project\peerlink-efootball-disconnects\efootball-apk\ghidra_12.1.4_PUBLIC\Ghidra\Features\VersionTracking\ghidra_scripts
    C:\Users\Administrator\Documents\Default Project\peerlink-efootball-disconnects\efootball-apk\ghidra_12.1.4_PUBLIC\Ghidra\Processors\8051\ghidra_scripts
    C:\Users\Administrator\Documents\Default Project\peerlink-efootball-disconnects\efootball-apk\ghidra_12.1.4_PUBLIC\Ghidra\Features\Decompiler\ghidra_scripts
    C:\Users\Administrator\Documents\Default Project\peerlink-efootball-disconnects\efootball-apk\ghidra_12.1.4_PUBLIC\Ghidra\Features\SwiftDemangler\ghidra_scripts
    C:\Users\Administrator\Documents\Default Project\peerlink-efootball-disconnects\efootball-apk\ghidra_12.1.4_PUBLIC\Ghidra\Processors\Atmel\ghidra_scripts
    C:\Users\Administrator\Documents\Default Project\peerlink-efootball-disconnects\efootball-apk\ghidra_12.1.4_PUBLIC\Ghidra\Debug\Debugger-rmi-trace\ghidra_scripts
    C:\Users\Administrator\Documents\Default Project\peerlink-efootball-disconnects\efootball-apk\ghidra_12.1.4_PUBLIC\Ghidra\Features\GnuDemangler\ghidra_scripts
    C:\Users\Administrator\Documents\Default Project\peerlink-efootball-disconnects\efootball-apk\ghidra_12.1.4_PUBLIC\Ghidra\Features\FunctionID\ghidra_scripts
    C:\Users\Administrator\Documents\Default Project\peerlink-efootball-disconnects\efootball-apk\ghidra_12.1.4_PUBLIC\Ghidra\Features\BytePatterns\ghidra_scripts
    C:\Users\Administrator\Documents\Default Project\peerlink-efootball-disconnects\efootball-apk\ghidra_12.1.4_PUBLIC\Ghidra\Features\BSim\ghidra_scripts
    C:\Users\Administrator\Documents\Default Project\peerlink-efootball-disconnects\efootball-apk\ghidra_12.1.4_PUBLIC\Ghidra\Features\WildcardAssembler\ghidra_scripts
    C:\Users\Administrator\Documents\Default Project\peerlink-efootball-disconnects\efootball-apk\ghidra_12.1.4_PUBLIC\Ghidra\Features\MicrosoftCodeAnalyzer\ghidra_scripts
    C:\Users\Administrator\Documents\Default Project\peerlink-efootball-disconnects\efootball-apk\ghidra_12.1.4_PUBLIC\Ghidra\Debug\Debugger\ghidra_scripts
    C:\Users\Administrator\Documents\Default Project\peerlink-efootball-disconnects\efootball-apk\ghidra_12.1.4_PUBLIC\Ghidra\Features\Base\ghidra_scripts
    C:\Users\Administrator\Documents\Default Project\peerlink-efootball-disconnects\efootball-apk\ghidra_12.1.4_PUBLIC\Ghidra\Features\DecompilerDependent\ghidra_scripts
    C:\Users\Administrator\Documents\Default Project\peerlink-efootball-disconnects\efootball-apk\ghidra_12.1.4_PUBLIC\Ghidra\Features\FileFormats\ghidra_scripts
    C:\Users\Administrator\AppData\Local\Temp\2\opencode\peerlink_work\ghidra_scripts
    C:\Users\Administrator\Documents\Default Project\peerlink-efootball-disconnects\efootball-apk\ghidra_12.1.4_PUBLIC\Ghidra\Features\PDB\ghidra_scripts
    C:\Users\Administrator\Documents\Default Project\peerlink-efootball-disconnects\efootball-apk\ghidra_12.1.4_PUBLIC\Ghidra\Features\SystemEmulation\ghidra_scripts
    C:\Users\Administrator\Documents\Default Project\peerlink-efootball-disconnects\efootball-apk\ghidra_12.1.4_PUBLIC\Ghidra\Processors\DATA\ghidra_scripts (HeadlessAnalyzer)  
INFO  HEADLESS: execution starts (HeadlessAnalyzer)  
WARN  Project already exists and will not be deleted: C:\Users\Administrator\AppData\Local\Temp\2\opencode\peerlink_work\ghidra_proj\PeL (HeadlessAnalyzer)  
INFO  Opening existing project: C:\Users\Administrator\AppData\Local\Temp\2\opencode\peerlink_work\ghidra_proj\PeL (HeadlessAnalyzer)  
INFO  Opening project: C:\Users\Administrator\AppData\Local\Temp\2\opencode\peerlink_work\ghidra_proj\PeL (HeadlessProject)  
INFO  REPORT: Processing input files:  (HeadlessAnalyzer)  
INFO       project: C:\Users\Administrator\AppData\Local\Temp\2\opencode\peerlink_work\ghidra_proj\PeL (HeadlessAnalyzer)  
INFO  IMPORTING: file:///C:/Users/Administrator/Documents/Default Project/peerlink-efootball-disconnects/efootball-apk/native/lib/arm64-v8a/libUE4.so (HeadlessAnalyzer)  
INFO  Using Loader: Executable and Linking Format (ELF) (ProgramLoader)  
INFO  Using Language/Compiler: AARCH64:LE:64:v8A:default (ProgramLoader)  
INFO  Using Library Search Path: [., C:\Windows\SysWOW64, C:\Program Files\Amazon Corretto\jdk21.0.12_12\bin, C:\Windows\Sun\Java\bin, C:\Windows\system32, C:\Windows, C:\Program Files\Zulu\zulu-11-jre\bin\, C:\Program Files\Eclipse Adoptium\jdk-17.0.20.101-hotspot\bin, C:\Windows\System32\Wbem, C:\Windows\System32\WindowsPowerShell\v1.0\, C:\Windows\System32\OpenSSH\, C:\Program Files\Amazon\cfn-bootstrap\, C:\Program Files\nodejs\, C:\Program Files (x86)\cloudflared\, C:\Program Files\Git\cmd, C:\Program Files\GitHub CLI\, C:\Program Files\Tailscale\, C:\Program Files\Cloudflare\Cloudflare WARP\, C:\Users\Administrator\AppData\Local\Programs\Python\Python312\Scripts\, C:\Users\Administrator\AppData\Local\Programs\Python\Python312\, C:\Users\Administrator\AppData\Local\Programs\Python\Launcher\, C:\Users\Administrator\AppData\Local\Microsoft\WindowsApps, C:\Users\Administrator\AppData\Local\Programs\Microsoft VS Code\bin, C:\Users\Administrator\AppData\Roaming\npm, C:\Users\Administrator\AppData\Local\Microsoft\WinGet\Links] (ProgramLoader)  
INFO  Additional info:
Loading file:///C:/Users/Administrator/Documents/Default Project/peerlink-efootball-disconnects/efootball-apk/native/lib/arm64-v8a/libUE4.so?MD5=adf01a902ded732f06d43761afd9a443...
Setting block .data.rel.ro to read-only
Setting block .fini_array to read-only
Setting block .init_array to read-only
Setting block .dynamic to read-only
------------------------------------------------

Linking the External Programs of 'libUE4.so' to imported libraries...
  [libmediandk.so] -> not found in project
  [libgadsme.so] -> not found in project
  [libz.so] -> not found in project
  [liblog.so] -> not found in project
  [libdl.so] -> not found in project
  [libc.so] -> not found in project
  [libOpenSLES.so] -> not found in project
  [libandroid.so] -> not found in project
  [libEGL.so] -> not found in project
  [libGLESv3.so] -> not found in project
  [libm.so] -> not found in project
------------------------------------------------

Resolving External Symbols of [/libUE4.so] - 593 unresolved symbols, no external libraries configured - skipping
 (ProgramLoader)  
INFO  IMPORTING: Loaded 0 additional files (HeadlessAnalyzer)  
INFO  REPORT: Execute script: C:\Users\Administrator\AppData\Local\Temp\2\opencode\peerlink_work\ghidra_scripts\Deco.java  (HeadlessAnalyzer)  
INFO  SCRIPT: C:\Users\Administrator\AppData\Local\Temp\2\opencode\peerlink_work\ghidra_scripts\Deco.java (HeadlessAnalyzer)  
INFO  Deco.java> wrote C:\Users\Administrator\AppData\Local\Temp\2\opencode\peerlink_work\deco_out.txt (GhidraScript)  
INFO  /libUE4.so: file created (Administrator) (LocalFileSystem)  
INFO  REPORT: Save succeeded for: /libUE4.so (PeL:/libUE4.so) (HeadlessAnalyzer)  
INFO  REPORT: Import succeeded (HeadlessAnalyzer)  
